<?xml version="1.0" encoding="utf-8"?><testsuites><testsuite name="pytest" errors="0" failures="0" skipped="0" tests="149" time="246.405" timestamp="2025-12-21T08:25:15.685212" hostname="niel-fzu"><testcase classname="test_mcp_comprehensive.TestProtocolCompliance" name="test_jsonrpc_version_required" time="3.012" /><testcase classname="test_mcp_comprehensive.TestProtocolCompliance" name="test_malformed_json" time="2.012" /><testcase classname="test_mcp_comprehensive.TestProtocolCompliance" name="test_unknown_method" time="1.015" /><testcase classname="test_mcp_comprehensive.TestProtocolCompliance" name="test_initialize_protocol_version" time="1.013" /><testcase classname="test_mcp_comprehensive.TestProtocolCompliance" name="test_initialize_capabilities" time="1.013" /><testcase classname="test_mcp_comprehensive.TestProtocolCompliance" name="test_initialized_notification" time="1.019" /><testcase classname="test_mcp_comprehensive.TestToolDiscovery" name="test_tools_list_structure" time="1.020" /><testcase classname="test_mcp_comprehensive.TestToolDiscovery" name="test_all_tools_have_required_fields" time="1.019" /><testcase classname="test_mcp_comprehensive.TestToolDiscovery" name="test_tool_schemas_valid_json_schema" time="1.018" /><testcase classname="test_mcp_comprehensive.TestToolDiscovery" name="test_comprehensive_generator_tool_exists" time="1.018" /><testcase classname="test_mcp_comprehensive.TestToolDiscovery" name="test_tool_count" time="1.020" /><testcase classname="test_mcp_comprehensive.TestToolDiscovery" name="test_tool_descriptions_informative" time="1.020" /><testcase classname="test_mcp_comprehensive.TestCrystalGeneration" name="test_generate_simple_cubic_si" time="1.593" /><testcase classname="test_mcp_comprehensive.TestCrystalGeneration" name="test_generate_rocksalt_nacl" time="1.612" /><testcase classname="test_mcp_comprehensive.TestCrystalGeneration" name="test_generate_with_seed_reproducibility" time="2.206" /><testcase classname="test_mcp_comprehensive.TestCrystalGeneration" name="test_generate_low_symmetry_triclinic" time="1.568" /><testcase classname="test_mcp_comprehensive.TestCrystalGeneration" name="test_generate_hexagonal_graphite" time="1.575" /><testcase classname="test_mcp_comprehensive.TestSpaceGroups" name="test_representative_space_groups[1]" time="2.475" /><testcase classname="test_mcp_comprehensive.TestSpaceGroups" name="test_representative_space_groups[2]" time="1.645" /><testcase classname="test_mcp_comprehensive.TestSpaceGroups" name="test_representative_space_groups[15]" time="1.559" /><testcase classname="test_mcp_comprehensive.TestSpaceGroups" name="test_representative_space_groups[47]" time="1.550" /><testcase classname="test_mcp_comprehensive.TestSpaceGroups" name="test_representative_space_groups[62]" time="1.559" /><testcase classname="test_mcp_comprehensive.TestSpaceGroups" name="test_representative_space_groups[88]" time="1.645" /><testcase classname="test_mcp_comprehensive.TestSpaceGroups" name="test_representative_space_groups[123]" time="1.563" /><testcase classname="test_mcp_comprehensive.TestSpaceGroups" name="test_representative_space_groups[166]" time="1.578" /><testcase classname="test_mcp_comprehensive.TestSpaceGroups" name="test_representative_space_groups[194]" time="1.557" /><testcase classname="test_mcp_comprehensive.TestSpaceGroups" name="test_representative_space_groups[225]" time="1.610" /><testcase classname="test_mcp_comprehensive.TestSpaceGroups" name="test_representative_space_groups[227]" time="1.668" /><testcase classname="test_mcp_comprehensive.TestSpaceGroups" name="test_representative_space_groups[230]" time="1.580" /><testcase classname="test_mcp_comprehensive.TestSpaceGroups" name="test_invalid_space_group_0" time="1.555" /><testcase classname="test_mcp_comprehensive.TestSpaceGroups" name="test_invalid_space_group_999" time="1.578" /><testcase classname="test_mcp_comprehensive.TestTransformations" name="test_make_supercell_2x2x2" time="2.151" /><testcase classname="test_mcp_comprehensive.TestTransformations" name="test_apply_strain_tensile" time="2.144" /><testcase classname="test_mcp_comprehensive.TestTransformations" name="test_generate_surface_slab" time="1.962" /><testcase classname="test_mcp_comprehensive.TestDefects" name="test_create_vacancy" time="1.884" /><testcase classname="test_mcp_comprehensive.TestDefects" name="test_create_interstitial" time="1.934" /><testcase classname="test_mcp_comprehensive.TestAnalysis" name="test_analyze_symmetry_diamond" time="2.179" /><testcase classname="test_mcp_comprehensive.TestAnalysis" name="test_validate_structure" time="2.175" /><testcase classname="test_mcp_comprehensive.TestExportFormats" name="test_export_vasp_poscar" time="1.896" /><testcase classname="test_mcp_comprehensive.TestExportFormats" name="test_export_cif" time="1.925" /><testcase classname="test_mcp_comprehensive.TestExportFormats" name="test_export_xyz" time="1.824" /><testcase classname="test_mcp_comprehensive.TestErrorHandling" name="test_missing_required_parameter" time="1.636" /><testcase classname="test_mcp_comprehensive.TestErrorHandling" name="test_wrong_parameter_type" time="1.553" /><testcase classname="test_mcp_comprehensive.TestErrorHandling" name="test_negative_lattice_parameter" time="1.581" /><testcase classname="test_mcp_comprehensive.TestErrorHandling" name="test_invalid_element_symbol" time="1.599" /><testcase classname="test_mcp_comprehensive.TestErrorHandling" name="test_mismatched_composition" time="1.535" /><testcase classname="test_mcp_comprehensive.TestErrorHandling" name="test_empty_structure_handling" time="1.299" /><testcase classname="test_mcp_comprehensive.TestPerformance" name="test_rapid_sequential_requests" time="1.031" /><testcase classname="test_mcp_comprehensive.TestPerformance" name="test_generation_performance_simple" time="1.633" /><testcase classname="test_mcp_comprehensive.TestPerformance" name="test_large_supercell_performance" time="2.163" /><testcase classname="test_mcp_comprehensive.TestIntegrationWorkflows" name="test_generate_analyze_export_workflow" time="2.466" /><testcase classname="test_mcp_comprehensive.TestIntegrationWorkflows" name="test_generate_transform_validate_workflow" time="2.678" /><testcase classname="test_mcp_comprehensive.TestIntegrationWorkflows" name="test_defect_creation_workflow" time="2.390" /><testcase classname="test_mcp_comprehensive.TestScientificCorrectness" name="test_lattice_parameter_preserved" time="1.585" /><testcase classname="test_mcp_comprehensive.TestScientificCorrectness" name="test_composition_preserved" time="1.688" /><testcase classname="test_mcp_comprehensive.TestScientificCorrectness" name="test_coordination_number_fcc" time="1.689" /><testcase classname="test_operation_matrix.TestBulkStructures" name="test_space_group_generation[1]" time="1.564" /><testcase classname="test_operation_matrix.TestBulkStructures" name="test_space_group_generation[2]" time="1.572" /><testcase classname="test_operation_matrix.TestBulkStructures" name="test_space_group_generation[3]" time="1.561" /><testcase classname="test_operation_matrix.TestBulkStructures" name="test_space_group_generation[5]" time="1.563" /><testcase classname="test_operation_matrix.TestBulkStructures" name="test_space_group_generation[7]" time="1.533" /><testcase classname="test_operation_matrix.TestBulkStructures" name="test_space_group_generation[10]" time="1.609" /><testcase classname="test_operation_matrix.TestBulkStructures" name="test_space_group_generation[12]" time="1.548" /><testcase classname="test_operation_matrix.TestBulkStructures" name="test_space_group_generation[15]" time="1.612" /><testcase classname="test_operation_matrix.TestBulkStructures" name="test_space_group_generation[16]" time="1.567" /><testcase classname="test_operation_matrix.TestBulkStructures" name="test_space_group_generation[20]" time="1.559" /><testcase classname="test_operation_matrix.TestBulkStructures" name="test_space_group_generation[25]" time="1.553" /><testcase classname="test_operation_matrix.TestBulkStructures" name="test_space_group_generation[33]" time="1.596" /><testcase classname="test_operation_matrix.TestBulkStructures" name="test_space_group_generation[47]" time="1.564" /><testcase classname="test_operation_matrix.TestBulkStructures" name="test_space_group_generation[55]" time="1.537" /><testcase classname="test_operation_matrix.TestBulkStructures" name="test_space_group_generation[62]" time="1.554" /><testcase classname="test_operation_matrix.TestBulkStructures" name="test_space_group_generation[70]" time="1.561" /><testcase classname="test_operation_matrix.TestBulkStructures" name="test_space_group_generation[75]" time="1.551" /><testcase classname="test_operation_matrix.TestBulkStructures" name="test_space_group_generation[82]" time="1.567" /><testcase classname="test_operation_matrix.TestBulkStructures" name="test_space_group_generation[88]" time="1.669" /><testcase classname="test_operation_matrix.TestBulkStructures" name="test_space_group_generation[99]" time="1.544" /><testcase classname="test_operation_matrix.TestBulkStructures" name="test_space_group_generation[111]" time="1.879" /><testcase classname="test_operation_matrix.TestBulkStructures" name="test_space_group_generation[123]" time="1.921" /><testcase classname="test_operation_matrix.TestBulkStructures" name="test_space_group_generation[136]" time="1.552" /><testcase classname="test_operation_matrix.TestBulkStructures" name="test_space_group_generation[142]" time="1.571" /><testcase classname="test_operation_matrix.TestBulkStructures" name="test_space_group_generation[143]" time="1.611" /><testcase classname="test_operation_matrix.TestBulkStructures" name="test_space_group_generation[147]" time="1.562" /><testcase classname="test_operation_matrix.TestBulkStructures" name="test_space_group_generation[150]" time="1.558" /><testcase classname="test_operation_matrix.TestBulkStructures" name="test_space_group_generation[155]" time="1.612" /><testcase classname="test_operation_matrix.TestBulkStructures" name="test_space_group_generation[160]" time="1.596" /><testcase classname="test_operation_matrix.TestBulkStructures" name="test_space_group_generation[166]" time="1.576" /><testcase classname="test_operation_matrix.TestBulkStructures" name="test_space_group_generation[168]" time="1.577" /><testcase classname="test_operation_matrix.TestBulkStructures" name="test_space_group_generation[174]" time="1.573" /><testcase classname="test_operation_matrix.TestBulkStructures" name="test_space_group_generation[177]" time="1.626" /><testcase classname="test_operation_matrix.TestBulkStructures" name="test_space_group_generation[183]" time="1.568" /><testcase classname="test_operation_matrix.TestBulkStructures" name="test_space_group_generation[187]" time="1.580" /><testcase classname="test_operation_matrix.TestBulkStructures" name="test_space_group_generation[191]" time="1.602" /><testcase classname="test_operation_matrix.TestBulkStructures" name="test_space_group_generation[194]" time="1.612" /><testcase classname="test_operation_matrix.TestBulkStructures" name="test_space_group_generation[195]" time="1.567" /><testcase classname="test_operation_matrix.TestBulkStructures" name="test_space_group_generation[200]" time="1.582" /><testcase classname="test_operation_matrix.TestBulkStructures" name="test_space_group_generation[205]" time="1.585" /><testcase classname="test_operation_matrix.TestBulkStructures" name="test_space_group_generation[211]" time="1.595" /><testcase classname="test_operation_matrix.TestBulkStructures" name="test_space_group_generation[215]" time="1.564" /><testcase classname="test_operation_matrix.TestBulkStructures" name="test_space_group_generation[221]" time="1.595" /><testcase classname="test_operation_matrix.TestBulkStructures" name="test_space_group_generation[225]" time="1.675" /><testcase classname="test_operation_matrix.TestBulkStructures" name="test_space_group_generation[227]" time="1.609" /><testcase classname="test_operation_matrix.TestBulkStructures" name="test_space_group_generation[229]" time="1.626" /><testcase classname="test_operation_matrix.TestBulkStructures" name="test_space_group_generation[230]" time="1.634" /><testcase classname="test_operation_matrix.TestDefectGeneration" name="test_point_defects[vacancy]" time="1.897" /><testcase classname="test_operation_matrix.TestDefectGeneration" name="test_point_defects[interstitial]" time="1.866" /><testcase classname="test_operation_matrix.TestDefectGeneration" name="test_point_defects[substitution]" time="1.895" /><testcase classname="test_operation_matrix.TestSurfaceGeneration" name="test_surface_generation[miller0]" time="2.005" /><testcase classname="test_operation_matrix.TestSurfaceGeneration" name="test_surface_generation[miller1]" time="2.001" /><testcase classname="test_operation_matrix.TestSurfaceGeneration" name="test_surface_generation[miller2]" time="1.984" /><testcase classname="test_operation_matrix.TestSurfaceGeneration" name="test_surface_generation[miller3]" time="2.052" /><testcase classname="test_operation_matrix.TestSurfaceGeneration" name="test_surface_generation[miller4]" time="2.359" /><testcase classname="test_operation_matrix.TestSurfaceGeneration" name="test_adsorbate_placement" time="2.231" /><testcase classname="test_operation_matrix.Test2DMaterials" name="test_2d_material_generation[graphene]" time="1.394" /><testcase classname="test_operation_matrix.Test2DMaterials" name="test_2d_material_generation[hBN]" time="1.418" /><testcase classname="test_operation_matrix.Test2DMaterials" name="test_2d_material_generation[MoS2]" time="1.304" /><testcase classname="test_operation_matrix.Test2DMaterials" name="test_graphene_nanoribbon" time="1.426" /><testcase classname="test_operation_matrix.TestTwistronics" name="test_twisted_bilayer_graphene" time="1.298" /><testcase classname="test_operation_matrix.TestTwistronics" name="test_moire_superlattice" time="1.400" /><testcase classname="test_operation_matrix.TestMolecularCrystals" name="test_benzene_crystal" time="1.046" /><testcase classname="test_operation_matrix.TestMolecularCrystals" name="test_ice_structures" time="1.045" /><testcase classname="test_operation_matrix.TestNanostructures" name="test_quantum_dot" time="1.602" /><testcase classname="test_operation_matrix.TestNanostructures" name="test_nanowire" time="1.405" /><testcase classname="test_operation_matrix.TestAdvancedMaterials" name="test_topological_insulator" time="1.616" /><testcase classname="test_operation_matrix.TestAdvancedMaterials" name="test_magnetic_structure" time="1.384" /><testcase classname="test_operation_matrix.TestTransformationOperations" name="test_all_strain_types" time="4.442" /><testcase classname="test_operation_matrix.TestTransformationOperations" name="test_heterostructure_creation" time="2.215" /><testcase classname="test_operation_matrix.TestAllExportFormats" name="test_export_format[export_vasp]" time="1.878" /><testcase classname="test_operation_matrix.TestAllExportFormats" name="test_export_format[export_cif]" time="1.861" /><testcase classname="test_operation_matrix.TestAllExportFormats" name="test_export_format[export_xyz]" time="1.864" /><testcase classname="test_operation_matrix.TestOperationCount" name="test_verify_operation_count" time="1.016" /><testcase classname="test_operation_matrix.TestStressOperations" name="test_rapid_space_group_scan" time="6.259" /><testcase classname="test_mcp_e2e.TestProtocolBasics" name="test_initialize" time="0.513" /><testcase classname="test_mcp_e2e.TestProtocolBasics" name="test_initialize_invalid_version" time="0.513" /><testcase classname="test_mcp_e2e.TestProtocolBasics" name="test_call_before_initialize" time="0.516" /><testcase classname="test_mcp_e2e.TestProtocolBasics" name="test_malformed_json" time="1.510" /><testcase classname="test_mcp_e2e.TestProtocolBasics" name="test_invalid_jsonrpc_version" time="1.511" /><testcase classname="test_mcp_e2e.TestToolManagement" name="test_tools_list" time="0.516" /><testcase classname="test_mcp_e2e.TestToolManagement" name="test_tool_not_found" time="0.517" /><testcase classname="test_mcp_e2e.TestToolExecution" name="test_generate_structure_valid" time="1.080" /><testcase classname="test_mcp_e2e.TestToolExecution" name="test_generate_invalid_spacegroup" time="1.077" /><testcase classname="test_mcp_e2e.TestToolExecution" name="test_generate_missing_required_params" time="1.057" /><testcase classname="test_mcp_e2e.TestToolExecution" name="test_generate_wrong_param_types" time="1.031" /><testcase classname="test_mcp_e2e.TestToolExecution" name="test_export_vasp_valid" time="1.454" /><testcase classname="test_mcp_e2e.TestToolExecution" name="test_export_invalid_structure" time="0.810" /><testcase classname="test_mcp_e2e.TestResourcesAndPrompts" name="test_resources_list" time="0.513" /><testcase classname="test_mcp_e2e.TestResourcesAndPrompts" name="test_prompts_list" time="0.514" /><testcase classname="test_mcp_e2e.TestPerformance" name="test_rapid_requests" time="0.525" /><testcase classname="test_mcp_e2e.TestPerformance" name="test_large_structure_generation" time="1.179" /><testcase classname="test_mcp_e2e.TestEndToEndWorkflows" name="test_generate_and_export_workflow" time="1.346" /></testsuite></testsuites>